
> baqala-client@1.0.0 prebuild
> node scripts/generate-sitemap.js

Fetching apps for sitemap...
Sitemap generated successfully at D:\baqala project\client\public\sitemap.xml

> baqala-client@1.0.0 build
> vite build

node.exe : [2m9:27:26 PM[22m [33m[1m[vite][22m[39m [33mwarning: `esbuild` 
option was specified by "vite:react-babel" plugin. This option is deprecated, 
please use `oxc` instead.[39m
At line:1 char:1
+ & "C:\Program Files\nodejs/node.exe" "C:\Program Files\nodejs/node_mo ...
+ ~~~~~~~~~~~~~~~~~~~~~~~~~~~~~~~~~~~~~~~~~~~~~~~~~~~~~~~~~~~~~~~~~~~~~
    + CategoryInfo          : NotSpecified: ([2m9:27:26 PM...` instead.[39m:S 
   tring) [], RemoteException
    + FullyQualifiedErrorId : NativeCommandError
 
`optimizeDeps.rollupOptions` / `ssr.optimizeDeps.rollupOptions` is deprecated. 
Use `optimizeDeps.rolldownOptions` instead. Note that this option may be set by 
a plugin. Set VITE_DEPRECATION_TRACE=1 to see where it is called.
[vite:react-babel] We recommend switching to `@vitejs/plugin-react-oxc` for 
improved performance. More information at https://vite.dev/rolldown
[36mvite v8.0.8 [32mbuilding client environment for production...[36m[39m
[2K
transforming...Γ£ô 2824 modules transformed.
rendering chunks...
computing gzip size...
dist/index.html                                1.82 kB Γöé gzip:   0.71 kB
dist/assets/index-UlJ3ceMv.css                81.70 kB Γöé gzip:  12.91 kB
dist/assets/axios-Bws21xvw.js                  0.42 kB Γöé gzip:   0.28 kB
dist/assets/ThemeContext-Cd5xXL5P.js           0.81 kB Γöé gzip:   0.43 kB
dist/assets/rolldown-runtime-COnpUsM8.js       0.81 kB Γöé gzip:   0.46 kB
dist/assets/SEOHead-CEb30r78.js                1.02 kB Γöé gzip:   0.42 kB
dist/assets/preload-helper-Dd-HcVz_.js         1.19 kB Γöé gzip:   0.68 kB
dist/assets/ParticlesBackground-RSavKJY0.js    2.03 kB Γöé gzip:   1.05 kB
dist/assets/AuthContext-DCdew08V.js            2.23 kB Γöé gzip:   0.97 kB
dist/assets/Skeleton-Dmyoa6lE.js               2.49 kB Γöé gzip:   0.66 kB
dist/assets/CookiePolicy-BLbxatHw.js           3.50 kB Γöé gzip:   1.30 kB
dist/assets/SearchResults-Lr0IuMin.js          3.73 kB Γöé gzip:   1.47 kB
dist/assets/CategoryPage-bqEt58h1.js           3.85 kB Γöé gzip:   1.55 kB
dist/assets/HeroCarousel-B7mMNI_5.js           4.07 kB Γöé gzip:   1.63 kB
dist/assets/AppAbout-DyZba1eX.js               4.15 kB Γöé gzip:   1.36 kB
dist/assets/ModerationQueue-Cf6pzAWU.js        4.50 kB Γöé gzip:   1.43 kB
dist/assets/Login-DZamzn8Y.js                  4.51 kB Γöé gzip:   1.68 kB
dist/assets/Contact-C8_DcsGl.js                4.62 kB Γöé gzip:   1.70 kB
dist/assets/PlatformSettings-DviK2dc0.js       4.97 kB Γöé gzip:   1.34 kB
dist/assets/RevenueShare-C6vI2etq.js           5.02 kB Γöé gzip:   1.85 kB
dist/assets/Analytics-B5z0GBWA.js              5.21 kB Γöé gzip:   1.61 kB
dist/assets/AdminLayout-DPDwQdun.js            5.46 kB Γöé gzip:   1.87 kB
dist/assets/FeaturedCuration-Ce7V1AHB.js       5.97 kB Γöé gzip:   1.82 kB
dist/assets/Register-DthNn6Ra.js               6.02 kB Γöé gzip:   2.00 kB
dist/assets/UserManagement-CqsOaFHS.js         6.07 kB Γöé gzip:   1.89 kB
dist/assets/AdminDashboard-5N2DW7Nz.js         6.49 kB Γöé gzip:   2.26 kB
dist/assets/Settings-Dq7KbIuE.js               7.60 kB Γöé gzip:   2.64 kB
dist/assets/AppManagement-CDhuG-JC.js          7.80 kB Γöé gzip:   2.13 kB
dist/assets/AppCard-Dh1W3Xus.js                7.95 kB Γöé gzip:   2.50 kB
dist/assets/DeveloperProfile-CGQMAMjY.js       8.19 kB Γöé gzip:   2.44 kB
dist/assets/Home-DNwNViG9.js                   8.27 kB Γöé gzip:   2.74 kB
dist/assets/DeveloperDashboard-DAYi_MgI.js     8.52 kB Γöé gzip:   2.68 kB
dist/assets/TermsOfService-BknE1DdL.js        10.16 kB Γöé gzip:   3.02 kB
dist/assets/About-BUhSwkSL.js                 10.76 kB Γöé gzip:   3.46 kB
dist/assets/PrivacyPolicy-BtWHXTcG.js         11.11 kB Γöé gzip:   3.06 kB
dist/assets/UploadApp-BVr0LXnN.js             13.08 kB Γöé gzip:   3.96 kB
dist/assets/EditApp-BEVEGX2u.js               15.76 kB Γöé gzip:   4.77 kB
dist/assets/AppDetail-DqE80JlP.js             24.61 kB Γöé gzip:   6.72 kB
dist/assets/index-DPW33sD8.js                 37.25 kB Γöé gzip:   8.74 kB
dist/assets/vendor-ui-BoOOUc6T.js            124.38 kB Γöé gzip:  40.57 kB
dist/assets/vendor-react-B8SCY8W2.js         226.42 kB Γöé gzip:  74.01 kB
dist/assets/vendor-utils-1OyAroL_.js         670.20 kB Γöé gzip: 200.19 kB

[31mΓ£ù[39m Build failed in 8.59s
[31merror during build:
[31mBuild failed with 1 error:

Error: [vite]: Rolldown failed to resolve import "react-is" from "D:/baqala 
project/client/node_modules/recharts/es6/util/ReactUtils.js".
This is most likely unintended because it can break your application at runtime.
If you do want to externalize this module explicitly add it to
`build.rollupOptions.external`
    at viteLog (file:///D:/baqala%20project/client/node_modules/vite/dist/node/ch
unks/node.js:33047:57)
    at file:///D:/baqala%20project/client/node_modules/vite/dist/node/chunks/node
.js:33083:71
    at onwarn (file:///D:/baqala%20project/client/node_modules/@vitejs/plugin-rea
ct/dist/index.js:90:7)
    at file:///D:/baqala%20project/client/node_modules/vite/dist/node/chunks/node
.js:33083:28
    at onRollupLog (file:///D:/baqala%20project/client/node_modules/vite/dist/nod
e/chunks/node.js:33078:63)
    at onLog (file:///D:/baqala%20project/client/node_modules/vite/dist/node/chun
ks/node.js:32847:4)
    at file:///D:/baqala%20project/client/node_modules/rolldown/dist/shared/rolld
own-build-DtGk-m96.mjs:50:26
    at logger (file:///D:/baqala%20project/client/node_modules/rolldown/dist/shar
ed/rolldown-build-DtGk-m96.mjs:41:3)
    at onLog (file:///D:/baqala%20project/client/node_modules/rolldown/dist/share
d/bindingify-input-options-DYpBf1OG.mjs:2015:32)[31m
    at aggregateBindingErrorsIntoJsError (file:///D:/baqala%20project/client/node
_modules/rolldown/dist/shared/error-w0u7biK-.mjs:48:18)
    at unwrapBindingResult (file:///D:/baqala%20project/client/node_modules/rolld
own/dist/shared/error-w0u7biK-.mjs:18:128)
    at #build (file:///D:/baqala%20project/client/node_modules/rolldown/dist/shar
ed/rolldown-build-DtGk-m96.mjs:3313:34)
    at async buildEnvironment (file:///D:/baqala%20project/client/node_modules/vi
te/dist/node/chunks/node.js:32954:64)
    at async Object.build (file:///D:/baqala%20project/client/node_modules/vite/d
ist/node/chunks/node.js:33376:19)
    at async Object.buildApp (file:///D:/baqala%20project/client/node_modules/vit
e/dist/node/chunks/node.js:33373:153)
    at async CAC.<anonymous> 
(file:///D:/baqala%20project/client/node_modules/vite/dist/node/cli.js:778:3) {
  errors: [Getter/Setter]
}[39m
